// Jest Snapshot v1, https://goo.gl/fbAQLP

exports[`Test for SearchResults component Should renders the same component 1`] = `
<div>
  <div
    class="SearchResults"
  >
    <h1
      class="SearchResults__title"
    >
      Hotels in:
       
       
    </h1>
    <p />
  </div>
</div>
`;
